2021-01-04 14:15:47 INFO  DepartmentBaseThread:28 - IzoyeGSJaXSFSd4EuYEZJqKOiO7D_7xFaAARH1AikwekuC60wJHbHCJNDpLURgZ3TmLdthJ24cFyOMuyWx3dAt15Fabkh_BWlYb_85Rnve6iKaGLGUk8Dzjq0jSbAR-FYHHtxrvNkUQkswLjbzEK6hmu_E1kroBwkS6N24JAjkB7k6RwIITRQ0l09DZweVNy1Urdh0tpN9pUImGSygBTnA
2021-01-04 14:17:15 INFO  DepartmentBaseThread:28 - IzoyeGSJaXSFSd4EuYEZJqKOiO7D_7xFaAARH1AikwekuC60wJHbHCJNDpLURgZ3TmLdthJ24cFyOMuyWx3dAt15Fabkh_BWlYb_85Rnve6iKaGLGUk8Dzjq0jSbAR-FYHHtxrvNkUQkswLjbzEK6hmu_E1kroBwkS6N24JAjkB7k6RwIITRQ0l09DZweVNy1Urdh0tpN9pUImGSygBTnA
2021-01-04 14:21:46 INFO  DepartmentBaseThread:28 - IzoyeGSJaXSFSd4EuYEZJqKOiO7D_7xFaAARH1AikwekuC60wJHbHCJNDpLURgZ3TmLdthJ24cFyOMuyWx3dAt15Fabkh_BWlYb_85Rnve6iKaGLGUk8Dzjq0jSbAR-FYHHtxrvNkUQkswLjbzEK6hmu_E1kroBwkS6N24JAjkB7k6RwIITRQ0l09DZweVNy1Urdh0tpN9pUImGSygBTnA
2021-01-04 14:23:23 INFO  DepartmentBaseThreadCurrent:27 - IzoyeGSJaXSFSd4EuYEZJqKOiO7D_7xFaAARH1AikwekuC60wJHbHCJNDpLURgZ3TmLdthJ24cFyOMuyWx3dAt15Fabkh_BWlYb_85Rnve6iKaGLGUk8Dzjq0jSbAR-FYHHtxrvNkUQkswLjbzEK6hmu_E1kroBwkS6N24JAjkB7k6RwIITRQ0l09DZweVNy1Urdh0tpN9pUImGSygBTnA
2021-01-04 14:32:00 INFO  class:29 - IzoyeGSJaXSFSd4EuYEZJqKOiO7D_7xFaAARH1AikwekuC60wJHbHCJNDpLURgZ3TmLdthJ24cFyOMuyWx3dAt15Fabkh_BWlYb_85Rnve6iKaGLGUk8Dzjq0jSbAR-FYHHtxrvNkUQkswLjbzEK6hmu_E1kroBwkS6N24JAjkB7k6RwIITRQ0l09DZweVNy1Urdh0tpN9pUImGSygBTnA
2021-01-04 14:38:29 INFO  DepartmentBaseThreadCurrent:27 - IzoyeGSJaXSFSd4EuYEZJqKOiO7D_7xFaAARH1AikwekuC60wJHbHCJNDpLURgZ3TmLdthJ24cFyOMuyWx3dAt15Fabkh_BWlYb_85Rnve6iKaGLGUk8Dzjq0jSbAR-FYHHtxrvNkUQkswLjbzEK6hmu_E1kroBwkS6N24JAjkB7k6RwIITRQ0l09DZweVNy1Urdh0tpN9pUImGSygBTnA
2021-01-04 14:41:07 INFO  DepartmentBaseThreadCurrent:27 - IzoyeGSJaXSFSd4EuYEZJqKOiO7D_7xFaAARH1AikwekuC60wJHbHCJNDpLURgZ3TmLdthJ24cFyOMuyWx3dAt15Fabkh_BWlYb_85Rnve6iKaGLGUk8Dzjq0jSbAR-FYHHtxrvNkUQkswLjbzEK6hmu_E1kroBwkS6N24JAjkB7k6RwIITRQ0l09DZweVNy1Urdh0tpN9pUImGSygBTnA
2021-01-04 14:45:45 INFO  class:29 - IzoyeGSJaXSFSd4EuYEZJqKOiO7D_7xFaAARH1AikwekuC60wJHbHCJNDpLURgZ3TmLdthJ24cFyOMuyWx3dAt15Fabkh_BWlYb_85Rnve6iKaGLGUk8Dzjq0jSbAR-FYHHtxrvNkUQkswLjbzEK6hmu_E1kroBwkS6N24JAjkB7k6RwIITRQ0l09DZweVNy1Urdh0tpN9pUImGSygBTnA
2021-01-04 14:46:38 INFO  DepartmentBaseThreadCurrent:27 - IzoyeGSJaXSFSd4EuYEZJqKOiO7D_7xFaAARH1AikwekuC60wJHbHCJNDpLURgZ3TmLdthJ24cFyOMuyWx3dAt15Fabkh_BWlYb_85Rnve6iKaGLGUk8Dzjq0jSbAR-FYHHtxrvNkUQkswLjbzEK6hmu_E1kroBwkS6N24JAjkB7k6RwIITRQ0l09DZweVNy1Urdh0tpN9pUImGSygBTnA
2021-01-04 14:50:15 INFO  DepartmentBaseThread:28 - IzoyeGSJaXSFSd4EuYEZJqKOiO7D_7xFaAARH1AikwekuC60wJHbHCJNDpLURgZ3TmLdthJ24cFyOMuyWx3dAt15Fabkh_BWlYb_85Rnve6iKaGLGUk8Dzjq0jSbAR-FYHHtxrvNkUQkswLjbzEK6hmu_E1kroBwkS6N24JAjkB7k6RwIITRQ0l09DZweVNy1Urdh0tpN9pUImGSygBTnA
2021-01-04 14:51:25 INFO  class:29 - IzoyeGSJaXSFSd4EuYEZJqKOiO7D_7xFaAARH1AikwekuC60wJHbHCJNDpLURgZ3TmLdthJ24cFyOMuyWx3dAt15Fabkh_BWlYb_85Rnve6iKaGLGUk8Dzjq0jSbAR-FYHHtxrvNkUQkswLjbzEK6hmu_E1kroBwkS6N24JAjkB7k6RwIITRQ0l09DZweVNy1Urdh0tpN9pUImGSygBTnA
2021-01-04 14:52:31 INFO  DepartmentBaseThreadCurrent:27 - IzoyeGSJaXSFSd4EuYEZJqKOiO7D_7xFaAARH1AikwekuC60wJHbHCJNDpLURgZ3TmLdthJ24cFyOMuyWx3dAt15Fabkh_BWlYb_85Rnve6iKaGLGUk8Dzjq0jSbAR-FYHHtxrvNkUQkswLjbzEK6hmu_E1kroBwkS6N24JAjkB7k6RwIITRQ0l09DZweVNy1Urdh0tpN9pUImGSygBTnA
2021-01-04 14:56:38 INFO  class:29 - giWB5zTZPcNPd41vFkqbUkqzTirORtIdmBQyWtJBwo7kQaS1wMe0r0J2FKqKgiF15bHZbi15a-IV-WAsAiifQ1-DJubOJALJk2iNcoYRnltNfxBENLQU6_4ASoM7-5JxpcpmtKM912AaDAGy6W0w_XJe5rEgBRso4letQw1ThDCx77ZSKhMsgpLfmgWmY695UM6dv9JO85kVHqvkTorzzw
2021-01-04 14:58:03 INFO  DepartmentBaseThreadCurrent:27 - giWB5zTZPcNPd41vFkqbUkqzTirORtIdmBQyWtJBwo7kQaS1wMe0r0J2FKqKgiF15bHZbi15a-IV-WAsAiifQ1-DJubOJALJk2iNcoYRnltNfxBENLQU6_4ASoM7-5JxpcpmtKM912AaDAGy6W0w_XJe5rEgBRso4letQw1ThDCx77ZSKhMsgpLfmgWmY695UM6dv9JO85kVHqvkTorzzw
2021-01-04 15:19:03 INFO  DepartmentBaseThreadCurrent:27 - giWB5zTZPcNPd41vFkqbUkqzTirORtIdmBQyWtJBwo7kQaS1wMe0r0J2FKqKgiF15bHZbi15a-IV-WAsAiifQ1-DJubOJALJk2iNcoYRnltNfxBENLQU6_4ASoM7-5JxpcpmtKM912AaDAGy6W0w_XJe5rEgBRso4letQw1ThDCx77ZSKhMsgpLfmgWmY695UM6dv9JO85kVHqvkTorzzw
2021-01-04 15:21:46 INFO  DepartmentBaseThreadCurrent:26 - giWB5zTZPcNPd41vFkqbUkqzTirORtIdmBQyWtJBwo7kQaS1wMe0r0J2FKqKgiF15bHZbi15a-IV-WAsAiifQ1-DJubOJALJk2iNcoYRnltNfxBENLQU6_4ASoM7-5JxpcpmtKM912AaDAGy6W0w_XJe5rEgBRso4letQw1ThDCx77ZSKhMsgpLfmgWmY695UM6dv9JO85kVHqvkTorzzw
2021-01-04 15:22:49 INFO  class:29 - giWB5zTZPcNPd41vFkqbUkqzTirORtIdmBQyWtJBwo7kQaS1wMe0r0J2FKqKgiF15bHZbi15a-IV-WAsAiifQ1-DJubOJALJk2iNcoYRnltNfxBENLQU6_4ASoM7-5JxpcpmtKM912AaDAGy6W0w_XJe5rEgBRso4letQw1ThDCx77ZSKhMsgpLfmgWmY695UM6dv9JO85kVHqvkTorzzw
2021-01-05 19:33:04 INFO  class:36 - N86Ss75lnpdhUn2KfFYEwNjvZIMtax-8XIMs1X4s7-Zf8zAMkv5_KTTEvgyMl0ZUNtfj7EJGz7XgGMZhm42-Zfq5-u_ocqxtta6Ms5HY0FMt2DaT0qdgLg435Ve7b2R5EimpE_zds4LpKNzpLQFqIkPg_Z23WxJWecUQY1AtkrsIQkE8GOl7zGC6-EzhlIvFonywYnvIL5gLGHO8a3BRhw
2021-01-06 11:49:11 INFO  class:35 - iwMDMuZ752E19nelkF3mS4KGQ7njeCmxY9odZy32sCxM588zkW8Nwm8W72K4wO8sAqK3ByrVks71brqFLzSZt-cU23nZMFtzxhlr0gurT9PsfXpZGqGjo_xMTM28SKwDsfy-TMdc7b8E43_KL92j_4mVvgyHT9PAhHegMID0KQcoK7FUsxeUXU9bReZA_rrKnOuQMqJVAHcbudpRqTp3Nw
2021-01-06 16:23:48 INFO  class:35 - wmGlTmycn97DE7Z7HqN7Qfz7c4Qf_E3VAXuMzXhYyGlswoqp4WkcY4Jf78jnETIXgVIFgq8a4rfVwdcvDxpaMmsOD4RqLD8xCo8y6VWCnKZqfssvSyrSTkcTCs4lQG4HbjStNHPDhwE5-K2gBQ6JzYBhgZz4U22VfPmB7N9ZEuAHwwKZZKymVXl_gyIUo2iwICd6Zfojh2ZINSeJ7VDs2g
2021-01-07 09:47:54 INFO  class:35 - bjB-JVtlnhMt72_wFocgUyo7SuXa92ahUWvMUKNNLc2do4dyFKdJP6I1dxfpK7WwcS96xBFQ0A6F4jDK4Scs0BfMf4MHHiYxGQqHvKueYxTaQvyVSn1-11NbwrKCV9BdMPfhZuN0x8N9ipvvHCiP0-2rat6N08eVFQC3pEtPsLOBcurMbVeBexUi1Eh2roe1dA4vdy_QQnGIKIKgmiiKCg
2021-01-07 16:11:14 ERROR AllureLifecycle:457 - Could not start step: no test case running
2021-01-07 16:11:14 ERROR AllureLifecycle:497 - Could not update step: no step running
2021-01-07 16:11:14 ERROR AllureLifecycle:532 - Could not stop step: no step running
2021-01-07 16:11:14 INFO  class:35 - vfMFs9X0wsr-F4pp9lnjV8fs2XYcsItWBYe2gDuwWkHp3FaXIT0L9wweZHnCUeDc8hsMfMN0MMqTwTPTvmVt8hV999TNBi-f4bawQ_05JC1GKLNkGm8LD_whs0fl6zI45o2cQff6piTp8PDYX43Jzz7dEKgT8_-ZXeqJCn1H4WbXcNAozHR7wWzja5I4XUDQWGr8AJ7o78UBAlMUkuWweA
2021-01-07 16:24:41 ERROR AllureLifecycle:457 - Could not start step: no test case running
2021-01-07 16:24:41 ERROR AllureLifecycle:497 - Could not update step: no step running
2021-01-07 16:24:41 ERROR AllureLifecycle:532 - Could not stop step: no step running
2021-01-07 16:24:41 INFO  class:35 - vfMFs9X0wsr-F4pp9lnjV8fs2XYcsItWBYe2gDuwWkHp3FaXIT0L9wweZHnCUeDc8hsMfMN0MMqTwTPTvmVt8hV999TNBi-f4bawQ_05JC1GKLNkGm8LD_whs0fl6zI45o2cQff6piTp8PDYX43Jzz7dEKgT8_-ZXeqJCn1H4WbXcNAozHR7wWzja5I4XUDQWGr8AJ7o78UBAlMUkuWweA
2021-01-07 16:27:24 ERROR AllureLifecycle:457 - Could not start step: no test case running
2021-01-07 16:27:24 ERROR AllureLifecycle:497 - Could not update step: no step running
2021-01-07 16:27:24 ERROR AllureLifecycle:532 - Could not stop step: no step running
2021-01-07 16:27:24 INFO  class:35 - vfMFs9X0wsr-F4pp9lnjV8fs2XYcsItWBYe2gDuwWkHp3FaXIT0L9wweZHnCUeDc8hsMfMN0MMqTwTPTvmVt8hV999TNBi-f4bawQ_05JC1GKLNkGm8LD_whs0fl6zI45o2cQff6piTp8PDYX43Jzz7dEKgT8_-ZXeqJCn1H4WbXcNAozHR7wWzja5I4XUDQWGr8AJ7o78UBAlMUkuWweA
2021-01-07 16:33:46 ERROR AllureLifecycle:457 - Could not start step: no test case running
2021-01-07 16:33:46 ERROR AllureLifecycle:497 - Could not update step: no step running
2021-01-07 16:33:46 ERROR AllureLifecycle:532 - Could not stop step: no step running
2021-01-07 16:33:46 INFO  class:35 - vfMFs9X0wsr-F4pp9lnjV8fs2XYcsItWBYe2gDuwWkHp3FaXIT0L9wweZHnCUeDc8hsMfMN0MMqTwTPTvmVt8hV999TNBi-f4bawQ_05JC1GKLNkGm8LD_whs0fl6zI45o2cQff6piTp8PDYX43Jzz7dEKgT8_-ZXeqJCn1H4WbXcNAozHR7wWzja5I4XUDQWGr8AJ7o78UBAlMUkuWweA
2021-01-07 16:36:40 ERROR AllureLifecycle:457 - Could not start step: no test case running
2021-01-07 16:36:40 ERROR AllureLifecycle:497 - Could not update step: no step running
2021-01-07 16:36:40 ERROR AllureLifecycle:532 - Could not stop step: no step running
2021-01-07 16:36:40 INFO  class:35 - vfMFs9X0wsr-F4pp9lnjV8fs2XYcsItWBYe2gDuwWkHp3FaXIT0L9wweZHnCUeDc8hsMfMN0MMqTwTPTvmVt8hV999TNBi-f4bawQ_05JC1GKLNkGm8LD_whs0fl6zI45o2cQff6piTp8PDYX43Jzz7dEKgT8_-ZXeqJCn1H4WbXcNAozHR7wWzja5I4XUDQWGr8AJ7o78UBAlMUkuWweA
2021-01-07 16:46:32 ERROR AllureLifecycle:457 - Could not start step: no test case running
2021-01-07 16:46:32 ERROR AllureLifecycle:497 - Could not update step: no step running
2021-01-07 16:46:32 ERROR AllureLifecycle:532 - Could not stop step: no step running
2021-01-07 16:46:32 INFO  class:35 - vfMFs9X0wsr-F4pp9lnjV8fs2XYcsItWBYe2gDuwWkHp3FaXIT0L9wweZHnCUeDc8hsMfMN0MMqTwTPTvmVt8hV999TNBi-f4bawQ_05JC1GKLNkGm8LD_whs0fl6zI45o2cQff6piTp8PDYX43Jzz7dEKgT8_-ZXeqJCn1H4WbXcNAozHR7wWzja5I4XUDQWGr8AJ7o78UBAlMUkuWweA
2021-01-07 17:05:35 ERROR AllureLifecycle:457 - Could not start step: no test case running
2021-01-07 17:05:35 ERROR AllureLifecycle:497 - Could not update step: no step running
2021-01-07 17:05:35 ERROR AllureLifecycle:532 - Could not stop step: no step running
2021-01-07 17:05:35 INFO  class:35 - vfMFs9X0wsr-F4pp9lnjV8fs2XYcsItWBYe2gDuwWkHp3FaXIT0L9wweZHnCUeDc8hsMfMN0MMqTwTPTvmVt8hV999TNBi-f4bawQ_05JC1GKLNkGm8LD_whs0fl6zI45o2cQff6piTp8PDYX43Jzz7dEKgT8_-ZXeqJCn1H4WbXcNAozHR7wWzja5I4XUDQWGr8AJ7o78UBAlMUkuWweA
